// Jest Snapshot v1, https://goo.gl/fbAQLP

exports[`useStateReducer should use default state and match snapshots of objects 1`] = `
Object {
  "authentication": Object {
    "config": Object {
      "headers": Object {
        "Authorization": "token 0801923801923012",
        "Content-Type": "application/json",
      },
      "server": "https://bg.door43.org",
      "tokenid": "tc-create-app",
    },
    "remember": true,
    "token": Object {
      "id": 5967,
      "name": "tc-create-app",
      "sha1": "0801923801923012",
      "token_last_eight": "c95e878b",
    },
    "user": Object {
      "avatar_url": "https://bg.door43.org/img/avatar_default.png",
      "created": "2016-07-07T19:15:23Z",
      "email": "myuser@example.com",
      "full_name": "John Smith",
      "id": 1234,
      "is_admin": false,
      "language": "",
      "last_login": "2020-07-17T18:33:11Z",
      "login": "test",
      "username": "test",
    },
  },
  "config": Object {
    "authentication": Object {
      "server": undefined,
      "tokenid": "tc-create-app",
    },
    "repository": Object {
      "urls": Array [
        "undefined/api/v1/repos/unfoldingword/en_ta",
        "undefined/api/v1/repos/unfoldingword/en_tw",
        "undefined/api/v1/repos/unfoldingword/en_tn",
        "undefined/api/v1/repos/unfoldingword/en_tq",
        "undefined/api/v1/repos/unfoldingword/en_obs",
        "undefined/api/v1/repos/unfoldingword/en_obs-tq",
        "undefined/api/v1/repos/unfoldingword/en_obs-tn",
        "undefined/api/v1/repos/unfoldingword/en_obs-sn",
      ],
    },
  },
  "expandedScripture": true,
  "filepath": null,
  "fontScale": 100,
  "language": Object {
    "aliases": Array [
      "Castilian",
      "Español",
      "Castillan",
      "Islenyo",
      "Afro-Yungueño (Black Spanish)",
      "Silbo Gomero",
      "Rioplatense",
      "Portuñol",
      "Portunhol",
      "Lunfardo",
      "Llanito (Yanito)",
      "Isleno (Isleño)",
      "Chicano (Caló)",
      "Canary Islands Spanish (Isleño)",
      "Andaluz",
      "Andalusian (Andalú)",
      "American Spanish (Chicano)",
      "Andalusí",
    ],
    "countries": Array [
      "AT",
      "BE",
      "CL",
      "BR",
      "BZ",
      "CU",
      "AR",
      "TT",
      "FR",
      "GF",
      "DE",
      "VE",
      "HT",
      "UY",
      "PA",
      "PE",
      "ES",
      "GB",
      "CR",
      "GT",
      "JM",
      "MZ",
      "MX",
      "NL",
      "NC",
      "PY",
      "HN",
      "PR",
      "AD",
      "SE",
      "CH",
      "CO",
      "US",
      "AU",
      "BO",
      "CA",
      "AO",
      "EC",
      "IT",
      "LU",
      "DK",
      "SV",
      "NI",
      "PT",
      "GP",
      "AW",
      "DO",
      "IE",
    ],
    "country": "ES",
    "direction": "ltr",
    "gateway": true,
    "id": 1776,
    "languageId": "es",
    "languageName": "Spanish",
    "localized": "español",
    "region": "Europe",
  },
  "organization": Object {
    "avatar_url": "https://bg.door43.org/avatars/17923",
    "description": "",
    "full_name": "",
    "id": 17923,
    "location": "",
    "username": "Elsy-org-test",
    "visibility": "private",
    "website": "",
  },
  "resourceLinks": null,
  "sourceRepository": Object {
    "allow_merge_commits": false,
    "allow_rebase": false,
    "allow_rebase_explicit": false,
    "allow_squash_merge": true,
    "archived": false,
    "avatar_url": "https://bg.door43.org/repo-avatars/3942-740ad9c357ad86fe1afe53fa0f6ed32f",
    "clone_url": "https://bg.door43.org/unfoldingWord/en_tn.git",
    "created_at": "2016-09-20T19:44:28Z",
    "default_branch": "master",
    "description": "unfoldingWord® Translation Notes",
    "empty": false,
    "fork": false,
    "forks_count": 16,
    "full_name": "unfoldingWord/en_tn",
    "has_issues": true,
    "has_pull_requests": true,
    "has_wiki": false,
    "html_url": "https://bg.door43.org/unfoldingWord/en_tn",
    "id": 3942,
    "ignore_whitespace_conflicts": true,
    "mirror": false,
    "name": "en_tn",
    "open_issues_count": 12,
    "owner": Object {
      "avatar_url": "https://bg.door43.org/avatars/943856939fd47de219e0484c9cbe3513",
      "created": "2016-02-16T23:44:26Z",
      "email": "unfoldingword@noreply.door43.org",
      "full_name": "unfoldingWord",
      "id": 613,
      "is_admin": false,
      "language": "",
      "last_login": "1970-01-01T00:00:00Z",
      "login": "unfoldingWord",
      "username": "unfoldingWord",
    },
    "parent": null,
    "permissions": Object {
      "admin": true,
      "pull": true,
      "push": true,
    },
    "private": false,
    "size": 117068,
    "ssh_url": "git@bg.door43.org:unfoldingWord/en_tn.git",
    "stars_count": 4,
    "tree_url": "api/v1/repos/unfoldingWord/en_tn/git/trees/master",
    "updated_at": "2020-07-16T19:23:39Z",
    "watchers_count": 10,
    "website": "https://www.unfoldingword.org/utn/",
  },
  "validationPriority": "high",
}
`;

exports[`useStateReducer should use default state and match snapshots of objects 2`] = `
Object {
  "setAuthentication": [Function],
  "setConfig": [Function],
  "setExpandedScripture": [Function],
  "setFilepath": [Function],
  "setFontScale": [Function],
  "setLanguage": [Function],
  "setOrganization": [Function],
  "setResourceLinks": [Function],
  "setSourceRepository": [Function],
  "setTargetRepoFromSourceRepo": [Function],
  "setTargetRepository": [Function],
  "setValidationPriority": [Function],
}
`;
